// Jest Snapshot v1, https://goo.gl/fbAQLP

exports[`Loader should match smapshot 1`] = `
"<div className=\\"loader-box\\">
  Loading...
</div>"
`;
